// Jest Snapshot v1, https://goo.gl/fbAQLP

exports[`Tests for Quote component Render Quote page 1`] = `
Object {
  "asFragment": [Function],
  "baseElement": <body>
    <div>
      <div>
        <header>
          <h1>
            A Benjamin think...
          </h1>
          <ul>
            <a
              href="/"
            >
              Home
            </a>
            <span>
               | 
            </span>
            <a
              href="/Calculator"
            >
              Calculator
            </a>
            <span>
               | 
            </span>
            <a
              href="/Quote"
            >
              Quotes
            </a>
          </ul>
        </header>
        <main>
          <h2>
            Hey|| BEN here|| officially welcoming you to my page
          </h2>
          <ul
            class="qNames"
          >
            <li>
              extraodinary is where brain meets magic (Benjamin Osegbo)
            </li>
            <li>
              It is better to fail in originality than to succeed in imitation.
            </li>
            <li>
              The road to success and the road to failure are almost exactly the same
            </li>
          </ul>
        </main>
      </div>
    </div>
  </body>,
  "container": <div>
    <div>
      <header>
        <h1>
          A Benjamin think...
        </h1>
        <ul>
          <a
            href="/"
          >
            Home
          </a>
          <span>
             | 
          </span>
          <a
            href="/Calculator"
          >
            Calculator
          </a>
          <span>
             | 
          </span>
          <a
            href="/Quote"
          >
            Quotes
          </a>
        </ul>
      </header>
      <main>
        <h2>
          Hey|| BEN here|| officially welcoming you to my page
        </h2>
        <ul
          class="qNames"
        >
          <li>
            extraodinary is where brain meets magic (Benjamin Osegbo)
          </li>
          <li>
            It is better to fail in originality than to succeed in imitation.
          </li>
          <li>
            The road to success and the road to failure are almost exactly the same
          </li>
        </ul>
      </main>
    </div>
  </div>,
  "debug": [Function],
  "findAllByAltText": [Function],
  "findAllByDisplayValue": [Function],
  "findAllByLabelText": [Function],
  "findAllByPlaceholderText": [Function],
  "findAllByRole": [Function],
  "findAllByTestId": [Function],
  "findAllByText": [Function],
  "findAllByTitle": [Function],
  "findByAltText": [Function],
  "findByDisplayValue": [Function],
  "findByLabelText": [Function],
  "findByPlaceholderText": [Function],
  "findByRole": [Function],
  "findByTestId": [Function],
  "findByText": [Function],
  "findByTitle": [Function],
  "getAllByAltText": [Function],
  "getAllByDisplayValue": [Function],
  "getAllByLabelText": [Function],
  "getAllByPlaceholderText": [Function],
  "getAllByRole": [Function],
  "getAllByTestId": [Function],
  "getAllByText": [Function],
  "getAllByTitle": [Function],
  "getByAltText": [Function],
  "getByDisplayValue": [Function],
  "getByLabelText": [Function],
  "getByPlaceholderText": [Function],
  "getByRole": [Function],
  "getByTestId": [Function],
  "getByText": [Function],
  "getByTitle": [Function],
  "queryAllByAltText": [Function],
  "queryAllByDisplayValue": [Function],
  "queryAllByLabelText": [Function],
  "queryAllByPlaceholderText": [Function],
  "queryAllByRole": [Function],
  "queryAllByTestId": [Function],
  "queryAllByText": [Function],
  "queryAllByTitle": [Function],
  "queryByAltText": [Function],
  "queryByDisplayValue": [Function],
  "queryByLabelText": [Function],
  "queryByPlaceholderText": [Function],
  "queryByRole": [Function],
  "queryByTestId": [Function],
  "queryByText": [Function],
  "queryByTitle": [Function],
  "rerender": [Function],
  "unmount": [Function],
}
`;
